Configuration file: D:/Github/Auroraol.github.io/_config.yml
 Theme Config file: D:/Github/Auroraol.github.io/_config.yml
            Source: D:/Github/Auroraol.github.io
       Destination: D:/Github/Auroraol.github.io/_site
 Incremental build: disabled. Enable with --incremental
      Generating... 
[31m  Liquid Exception: no implicit conversion of nil into String in D:/Github/Auroraol.github.io/_layouts/default.html[0m
C:/Ruby34-x64/lib/ruby/gems/3.4.0/gems/jekyll-seo-tag-2.8.0/lib/jekyll-seo-tag/drop.rb:70:in 'String#+': no implicit conversion of nil into String (TypeError)

        return page_number + @title if page_number
                             ^^^^^^
	from C:/Ruby34-x64/lib/ruby/gems/3.4.0/gems/jekyll-seo-tag-2.8.0/lib/jekyll-seo-tag/drop.rb:70:in 'Jekyll::SeoTag::Drop#title'
	from C:/Ruby34-x64/lib/ruby/gems/3.4.0/gems/jekyll-seo-tag-2.8.0/lib/jekyll-seo-tag/drop.rb:30:in 'Jekyll::SeoTag::Drop#title?'
	from C:/Ruby34-x64/lib/ruby/gems/3.4.0/gems/jekyll-4.3.3/lib/jekyll/drops/drop.rb:128:in 'Kernel#public_send'
	from C:/Ruby34-x64/lib/ruby/gems/3.4.0/gems/jekyll-4.3.3/lib/jekyll/drops/drop.rb:128:in 'Jekyll::Drops::Drop#[]'
	from C:/Ruby34-x64/lib/ruby/gems/3.4.0/gems/liquid-4.0.4/lib/liquid/context.rb:197:in 'Liquid::Context#lookup_and_evaluate'
	from C:/Ruby34-x64/lib/ruby/gems/3.4.0/gems/liquid-4.0.4/lib/liquid/variable_lookup.rb:48:in 'block in Liquid::VariableLookup#evaluate'
	from C:/Ruby34-x64/lib/ruby/gems/3.4.0/gems/liquid-4.0.4/lib/liquid/variable_lookup.rb:38:in 'Array#each_index'
	from C:/Ruby34-x64/lib/ruby/gems/3.4.0/gems/liquid-4.0.4/lib/liquid/variable_lookup.rb:38:in 'Liquid::VariableLookup#evaluate'
	from C:/Ruby34-x64/lib/ruby/gems/3.4.0/gems/liquid-4.0.4/lib/liquid/context.rb:159:in 'Liquid::Context#evaluate'
	from C:/Ruby34-x64/lib/ruby/gems/3.4.0/gems/liquid-4.0.4/lib/liquid/condition.rb:114:in 'Liquid::Condition#interpret_condition'
	from C:/Ruby34-x64/lib/ruby/gems/3.4.0/gems/liquid-4.0.4/lib/liquid/condition.rb:47:in 'block in Liquid::Condition#evaluate'
	from <internal:kernel>:168:in 'Kernel#loop'
	from C:/Ruby34-x64/lib/ruby/gems/3.4.0/gems/liquid-4.0.4/lib/liquid/condition.rb:46:in 'Liquid::Condition#evaluate'
	from C:/Ruby34-x64/lib/ruby/gems/3.4.0/gems/liquid-4.0.4/lib/liquid/tags/if.rb:45:in 'block (2 levels) in Liquid::If#render'
	from C:/Ruby34-x64/lib/ruby/gems/3.4.0/gems/liquid-4.0.4/lib/liquid/tags/if.rb:44:in 'Array#each'
	from C:/Ruby34-x64/lib/ruby/gems/3.4.0/gems/liquid-4.0.4/lib/liquid/tags/if.rb:44:in 'block in Liquid::If#render'
	from C:/Ruby34-x64/lib/ruby/gems/3.4.0/gems/liquid-4.0.4/lib/liquid/context.rb:123:in 'Liquid::Context#stack'
	from C:/Ruby34-x64/lib/ruby/gems/3.4.0/gems/liquid-4.0.4/lib/liquid/tags/if.rb:43:in 'Liquid::If#render'
	from C:/Ruby34-x64/lib/ruby/gems/3.4.0/gems/liquid-4.0.4/lib/liquid/block_body.rb:103:in 'Liquid::BlockBody#render_node_to_output'
	from C:/Ruby34-x64/lib/ruby/gems/3.4.0/gems/liquid-4.0.4/lib/liquid/block_body.rb:82:in 'Liquid::BlockBody#render'
	from C:/Ruby34-x64/lib/ruby/gems/3.4.0/gems/liquid-4.0.4/lib/liquid/template.rb:206:in 'block in Liquid::Template#render'
	from C:/Ruby34-x64/lib/ruby/gems/3.4.0/gems/liquid-4.0.4/lib/liquid/template.rb:240:in 'Liquid::Template#with_profiling'
	from C:/Ruby34-x64/lib/ruby/gems/3.4.0/gems/liquid-4.0.4/lib/liquid/template.rb:205:in 'Liquid::Template#render'
	from C:/Ruby34-x64/lib/ruby/gems/3.4.0/gems/liquid-4.0.4/lib/liquid/template.rb:218:in 'Liquid::Template#render!'
	from C:/Ruby34-x64/lib/ruby/gems/3.4.0/gems/jekyll-seo-tag-2.8.0/lib/jekyll-seo-tag.rb:36:in 'Jekyll::SeoTag#render'
	from C:/Ruby34-x64/lib/ruby/gems/3.4.0/gems/liquid-4.0.4/lib/liquid/block_body.rb:103:in 'Liquid::BlockBody#render_node_to_output'
	from C:/Ruby34-x64/lib/ruby/gems/3.4.0/gems/liquid-4.0.4/lib/liquid/block_body.rb:91:in 'Liquid::BlockBody#render'
	from C:/Ruby34-x64/lib/ruby/gems/3.4.0/gems/liquid-4.0.4/lib/liquid/block.rb:17:in 'Liquid::Block#render'
	from C:/Ruby34-x64/lib/ruby/gems/3.4.0/gems/liquid-4.0.4/lib/liquid/tags/capture.rb:26:in 'Liquid::Capture#render'
	from C:/Ruby34-x64/lib/ruby/gems/3.4.0/gems/liquid-4.0.4/lib/liquid/block_body.rb:103:in 'Liquid::BlockBody#render_node_to_output'
	from C:/Ruby34-x64/lib/ruby/gems/3.4.0/gems/liquid-4.0.4/lib/liquid/block_body.rb:82:in 'Liquid::BlockBody#render'
	from C:/Ruby34-x64/lib/ruby/gems/3.4.0/gems/liquid-4.0.4/lib/liquid/template.rb:206:in 'block in Liquid::Template#render'
	from C:/Ruby34-x64/lib/ruby/gems/3.4.0/gems/liquid-4.0.4/lib/liquid/template.rb:240:in 'Liquid::Template#with_profiling'
	from C:/Ruby34-x64/lib/ruby/gems/3.4.0/gems/liquid-4.0.4/lib/liquid/template.rb:205:in 'Liquid::Template#render'
	from C:/Ruby34-x64/lib/ruby/gems/3.4.0/gems/liquid-4.0.4/lib/liquid/template.rb:218:in 'Liquid::Template#render!'
	from C:/Ruby34-x64/lib/ruby/gems/3.4.0/gems/jekyll-4.3.3/lib/jekyll/liquid_renderer/file.rb:39:in 'block (3 levels) in Jekyll::LiquidRenderer::File#render!'
	from C:/Ruby34-x64/lib/ruby/gems/3.4.0/gems/jekyll-4.3.3/lib/jekyll/liquid_renderer/file.rb:59:in 'Jekyll::LiquidRenderer::File#measure_counts'
	from C:/Ruby34-x64/lib/ruby/gems/3.4.0/gems/jekyll-4.3.3/lib/jekyll/liquid_renderer/file.rb:38:in 'block (2 levels) in Jekyll::LiquidRenderer::File#render!'
	from C:/Ruby34-x64/lib/ruby/gems/3.4.0/gems/jekyll-4.3.3/lib/jekyll/liquid_renderer/file.rb:63:in 'Jekyll::LiquidRenderer::File#measure_bytes'
	from C:/Ruby34-x64/lib/ruby/gems/3.4.0/gems/jekyll-4.3.3/lib/jekyll/liquid_renderer/file.rb:37:in 'block in Jekyll::LiquidRenderer::File#render!'
	from C:/Ruby34-x64/lib/ruby/gems/3.4.0/gems/jekyll-4.3.3/lib/jekyll/liquid_renderer/file.rb:70:in 'Jekyll::LiquidRenderer::File#measure_time'
	from C:/Ruby34-x64/lib/ruby/gems/3.4.0/gems/jekyll-4.3.3/lib/jekyll/liquid_renderer/file.rb:36:in 'Jekyll::LiquidRenderer::File#render!'
	from C:/Ruby34-x64/lib/ruby/gems/3.4.0/gems/jekyll-4.3.3/lib/jekyll/inclusion.rb:16:in 'Jekyll::Inclusion#render'
	from C:/Ruby34-x64/lib/ruby/gems/3.4.0/gems/jekyll-4.3.3/lib/jekyll/tags/include.rb:208:in 'block in Jekyll::Tags::OptimizedIncludeTag#render'
	from C:/Ruby34-x64/lib/ruby/gems/3.4.0/gems/liquid-4.0.4/lib/liquid/context.rb:123:in 'Liquid::Context#stack'
	from C:/Ruby34-x64/lib/ruby/gems/3.4.0/gems/jekyll-4.3.3/lib/jekyll/tags/include.rb:206:in 'Jekyll::Tags::OptimizedIncludeTag#render'
	from C:/Ruby34-x64/lib/ruby/gems/3.4.0/gems/liquid-4.0.4/lib/liquid/block_body.rb:103:in 'Liquid::BlockBody#render_node_to_output'
	from C:/Ruby34-x64/lib/ruby/gems/3.4.0/gems/liquid-4.0.4/lib/liquid/block_body.rb:91:in 'Liquid::BlockBody#render'
	from C:/Ruby34-x64/lib/ruby/gems/3.4.0/gems/liquid-4.0.4/lib/liquid/template.rb:206:in 'block in Liquid::Template#render'
	from C:/Ruby34-x64/lib/ruby/gems/3.4.0/gems/liquid-4.0.4/lib/liquid/template.rb:240:in 'Liquid::Template#with_profiling'
	from C:/Ruby34-x64/lib/ruby/gems/3.4.0/gems/liquid-4.0.4/lib/liquid/template.rb:205:in 'Liquid::Template#render'
	from C:/Ruby34-x64/lib/ruby/gems/3.4.0/gems/liquid-4.0.4/lib/liquid/template.rb:218:in 'Liquid::Template#render!'
	from C:/Ruby34-x64/lib/ruby/gems/3.4.0/gems/jekyll-4.3.3/lib/jekyll/liquid_renderer/file.rb:39:in 'block (3 levels) in Jekyll::LiquidRenderer::File#render!'
	from C:/Ruby34-x64/lib/ruby/gems/3.4.0/gems/jekyll-4.3.3/lib/jekyll/liquid_renderer/file.rb:59:in 'Jekyll::LiquidRenderer::File#measure_counts'
	from C:/Ruby34-x64/lib/ruby/gems/3.4.0/gems/jekyll-4.3.3/lib/jekyll/liquid_renderer/file.rb:38:in 'block (2 levels) in Jekyll::LiquidRenderer::File#render!'
	from C:/Ruby34-x64/lib/ruby/gems/3.4.0/gems/jekyll-4.3.3/lib/jekyll/liquid_renderer/file.rb:63:in 'Jekyll::LiquidRenderer::File#measure_bytes'
	from C:/Ruby34-x64/lib/ruby/gems/3.4.0/gems/jekyll-4.3.3/lib/jekyll/liquid_renderer/file.rb:37:in 'block in Jekyll::LiquidRenderer::File#render!'
	from C:/Ruby34-x64/lib/ruby/gems/3.4.0/gems/jekyll-4.3.3/lib/jekyll/liquid_renderer/file.rb:70:in 'Jekyll::LiquidRenderer::File#measure_time'
	from C:/Ruby34-x64/lib/ruby/gems/3.4.0/gems/jekyll-4.3.3/lib/jekyll/liquid_renderer/file.rb:36:in 'Jekyll::LiquidRenderer::File#render!'
	from C:/Ruby34-x64/lib/ruby/gems/3.4.0/gems/jekyll-4.3.3/lib/jekyll/renderer.rb:129:in 'Jekyll::Renderer#render_liquid'
	from C:/Ruby34-x64/lib/ruby/gems/3.4.0/gems/jekyll-4.3.3/lib/jekyll/renderer.rb:192:in 'Jekyll::Renderer#render_layout'
	from C:/Ruby34-x64/lib/ruby/gems/3.4.0/gems/jekyll-4.3.3/lib/jekyll/renderer.rb:161:in 'Jekyll::Renderer#place_in_layouts'
	from C:/Ruby34-x64/lib/ruby/gems/3.4.0/gems/jekyll-4.3.3/lib/jekyll/renderer.rb:93:in 'Jekyll::Renderer#render_document'
	from C:/Ruby34-x64/lib/ruby/gems/3.4.0/gems/jekyll-4.3.3/lib/jekyll/renderer.rb:63:in 'Jekyll::Renderer#run'
	from C:/Ruby34-x64/lib/ruby/gems/3.4.0/gems/jekyll-4.3.3/lib/jekyll/site.rb:572:in 'Jekyll::Site#render_regenerated'
	from C:/Ruby34-x64/lib/ruby/gems/3.4.0/gems/jekyll-4.3.3/lib/jekyll/site.rb:564:in 'block in Jekyll::Site#render_pages'
	from C:/Ruby34-x64/lib/ruby/gems/3.4.0/gems/jekyll-4.3.3/lib/jekyll/site.rb:563:in 'Array#each'
	from C:/Ruby34-x64/lib/ruby/gems/3.4.0/gems/jekyll-4.3.3/lib/jekyll/site.rb:563:in 'Jekyll::Site#render_pages'
	from C:/Ruby34-x64/lib/ruby/gems/3.4.0/gems/jekyll-4.3.3/lib/jekyll/site.rb:211:in 'Jekyll::Site#render'
	from C:/Ruby34-x64/lib/ruby/gems/3.4.0/gems/jekyll-4.3.3/lib/jekyll/site.rb:80:in 'Jekyll::Site#process'
	from C:/Ruby34-x64/lib/ruby/gems/3.4.0/gems/jekyll-4.3.3/lib/jekyll/command.rb:28:in 'Jekyll::Command.process_site'
	from C:/Ruby34-x64/lib/ruby/gems/3.4.0/gems/jekyll-4.3.3/lib/jekyll/commands/build.rb:65:in 'Jekyll::Commands::Build.build'
	from C:/Ruby34-x64/lib/ruby/gems/3.4.0/gems/jekyll-4.3.3/lib/jekyll/commands/build.rb:36:in 'Jekyll::Commands::Build.process'
	from C:/Ruby34-x64/lib/ruby/gems/3.4.0/gems/jekyll-4.3.3/lib/jekyll/command.rb:91:in 'block in Jekyll::Command.process_with_graceful_fail'
	from C:/Ruby34-x64/lib/ruby/gems/3.4.0/gems/jekyll-4.3.3/lib/jekyll/command.rb:91:in 'Array#each'
	from C:/Ruby34-x64/lib/ruby/gems/3.4.0/gems/jekyll-4.3.3/lib/jekyll/command.rb:91:in 'Jekyll::Command.process_with_graceful_fail'
	from C:/Ruby34-x64/lib/ruby/gems/3.4.0/gems/jekyll-4.3.3/lib/jekyll/commands/build.rb:18:in 'block (2 levels) in Jekyll::Commands::Build.init_with_program'
	from C:/Ruby34-x64/lib/ruby/gems/3.4.0/gems/mercenary-0.4.0/lib/mercenary/command.rb:221:in 'block in Mercenary::Command#execute'
	from C:/Ruby34-x64/lib/ruby/gems/3.4.0/gems/mercenary-0.4.0/lib/mercenary/command.rb:221:in 'Array#each'
	from C:/Ruby34-x64/lib/ruby/gems/3.4.0/gems/mercenary-0.4.0/lib/mercenary/command.rb:221:in 'Mercenary::Command#execute'
	from C:/Ruby34-x64/lib/ruby/gems/3.4.0/gems/mercenary-0.4.0/lib/mercenary/program.rb:44:in 'Mercenary::Program#go'
	from C:/Ruby34-x64/lib/ruby/gems/3.4.0/gems/mercenary-0.4.0/lib/mercenary.rb:21:in 'Mercenary.program'
	from C:/Ruby34-x64/lib/ruby/gems/3.4.0/gems/jekyll-4.3.3/exe/jekyll:15:in '<top (required)>'
	from C:/Ruby34-x64/bin/jekyll:25:in 'Kernel#load'
	from C:/Ruby34-x64/bin/jekyll:25:in '<main>'
